  stroki2.cpp
C:\Users\dizel\OneDrive\Документы\Source\stroki2\stroki2\stroki2\stroki2.cpp(58,9): warning C4838: Преобразование из "int" в "char" требует сужающего преобразования.
C:\Users\dizel\OneDrive\Документы\Source\stroki2\stroki2\stroki2\stroki2.cpp(58,9): warning C4305: инициализация: усечение из "int" в "char"
C:\Users\dizel\OneDrive\Документы\Source\stroki2\stroki2\stroki2\stroki2.cpp(58,9): warning C4309: инициализация: усечение константного значения
C:\Users\dizel\OneDrive\Документы\Source\stroki2\stroki2\stroki2\stroki2.cpp(58,14): warning C4838: Преобразование из "int" в "char" требует сужающего преобразования.
C:\Users\dizel\OneDrive\Документы\Source\stroki2\stroki2\stroki2\stroki2.cpp(58,14): warning C4305: инициализация: усечение из "int" в "char"
C:\Users\dizel\OneDrive\Документы\Source\stroki2\stroki2\stroki2\stroki2.cpp(58,14): warning C4309: инициализация: усечение константного значения
C:\Users\dizel\OneDrive\Документы\Source\stroki2\stroki2\stroki2\stroki2.cpp(58,19): warning C4838: Преобразование из "int" в "char" требует сужающего преобразования.
C:\Users\dizel\OneDrive\Документы\Source\stroki2\stroki2\stroki2\stroki2.cpp(58,19): warning C4305: инициализация: усечение из "int" в "char"
C:\Users\dizel\OneDrive\Документы\Source\stroki2\stroki2\stroki2\stroki2.cpp(58,19): warning C4309: инициализация: усечение константного значения
C:\Users\dizel\OneDrive\Документы\Source\stroki2\stroki2\stroki2\stroki2.cpp(58,24): warning C4838: Преобразование из "int" в "char" требует сужающего преобразования.
C:\Users\dizel\OneDrive\Документы\Source\stroki2\stroki2\stroki2\stroki2.cpp(58,24): warning C4305: инициализация: усечение из "int" в "char"
C:\Users\dizel\OneDrive\Документы\Source\stroki2\stroki2\stroki2\stroki2.cpp(58,24): warning C4309: инициализация: усечение константного значения
C:\Users\dizel\OneDrive\Документы\Source\stroki2\stroki2\stroki2\stroki2.cpp(58,29): warning C4838: Преобразование из "int" в "char" требует сужающего преобразования.
C:\Users\dizel\OneDrive\Документы\Source\stroki2\stroki2\stroki2\stroki2.cpp(58,29): warning C4305: инициализация: усечение из "int" в "char"
C:\Users\dizel\OneDrive\Документы\Source\stroki2\stroki2\stroki2\stroki2.cpp(58,29): warning C4309: инициализация: усечение константного значения
C:\Users\dizel\OneDrive\Документы\Source\stroki2\stroki2\stroki2\stroki2.cpp(58,34): warning C4838: Преобразование из "int" в "char" требует сужающего преобразования.
C:\Users\dizel\OneDrive\Документы\Source\stroki2\stroki2\stroki2\stroki2.cpp(58,34): warning C4305: инициализация: усечение из "int" в "char"
C:\Users\dizel\OneDrive\Документы\Source\stroki2\stroki2\stroki2\stroki2.cpp(58,34): warning C4309: инициализация: усечение константного значения
C:\Users\dizel\OneDrive\Документы\Source\stroki2\stroki2\stroki2\stroki2.cpp(59,9): warning C4838: Преобразование из "int" в "char" требует сужающего преобразования.
C:\Users\dizel\OneDrive\Документы\Source\stroki2\stroki2\stroki2\stroki2.cpp(59,9): warning C4305: инициализация: усечение из "int" в "char"
C:\Users\dizel\OneDrive\Документы\Source\stroki2\stroki2\stroki2\stroki2.cpp(59,9): warning C4309: инициализация: усечение константного значения
C:\Users\dizel\OneDrive\Документы\Source\stroki2\stroki2\stroki2\stroki2.cpp(59,14): warning C4838: Преобразование из "int" в "char" требует сужающего преобразования.
C:\Users\dizel\OneDrive\Документы\Source\stroki2\stroki2\stroki2\stroki2.cpp(59,14): warning C4305: инициализация: усечение из "int" в "char"
C:\Users\dizel\OneDrive\Документы\Source\stroki2\stroki2\stroki2\stroki2.cpp(59,14): warning C4309: инициализация: усечение константного значения
C:\Users\dizel\OneDrive\Документы\Source\stroki2\stroki2\stroki2\stroki2.cpp(59,19): warning C4838: Преобразование из "int" в "char" требует сужающего преобразования.
C:\Users\dizel\OneDrive\Документы\Source\stroki2\stroki2\stroki2\stroki2.cpp(59,19): warning C4305: инициализация: усечение из "int" в "char"
C:\Users\dizel\OneDrive\Документы\Source\stroki2\stroki2\stroki2\stroki2.cpp(59,19): warning C4309: инициализация: усечение константного значения
C:\Users\dizel\OneDrive\Документы\Source\stroki2\stroki2\stroki2\stroki2.cpp(59,24): warning C4838: Преобразование из "int" в "char" требует сужающего преобразования.
C:\Users\dizel\OneDrive\Документы\Source\stroki2\stroki2\stroki2\stroki2.cpp(59,24): warning C4305: инициализация: усечение из "int" в "char"
C:\Users\dizel\OneDrive\Документы\Source\stroki2\stroki2\stroki2\stroki2.cpp(59,24): warning C4309: инициализация: усечение константного значения
C:\Users\dizel\OneDrive\Документы\Source\stroki2\stroki2\stroki2\stroki2.cpp(59,29): warning C4838: Преобразование из "int" в "char" требует сужающего преобразования.
C:\Users\dizel\OneDrive\Документы\Source\stroki2\stroki2\stroki2\stroki2.cpp(59,29): warning C4305: инициализация: усечение из "int" в "char"
C:\Users\dizel\OneDrive\Документы\Source\stroki2\stroki2\stroki2\stroki2.cpp(59,29): warning C4309: инициализация: усечение константного значения
C:\Users\dizel\OneDrive\Документы\Source\stroki2\stroki2\stroki2\stroki2.cpp(59,34): warning C4838: Преобразование из "int" в "char" требует сужающего преобразования.
C:\Users\dizel\OneDrive\Документы\Source\stroki2\stroki2\stroki2\stroki2.cpp(59,34): warning C4305: инициализация: усечение из "int" в "char"
C:\Users\dizel\OneDrive\Документы\Source\stroki2\stroki2\stroki2\stroki2.cpp(59,34): warning C4309: инициализация: усечение константного значения
C:\Users\dizel\OneDrive\Документы\Source\stroki2\stroki2\stroki2\stroki2.cpp(60,9): warning C4838: Преобразование из "int" в "char" требует сужающего преобразования.
C:\Users\dizel\OneDrive\Документы\Source\stroki2\stroki2\stroki2\stroki2.cpp(60,9): warning C4305: инициализация: усечение из "int" в "char"
C:\Users\dizel\OneDrive\Документы\Source\stroki2\stroki2\stroki2\stroki2.cpp(60,9): warning C4309: инициализация: усечение константного значения
C:\Users\dizel\OneDrive\Документы\Source\stroki2\stroki2\stroki2\stroki2.cpp(60,14): warning C4838: Преобразование из "int" в "char" требует сужающего преобразования.
C:\Users\dizel\OneDrive\Документы\Source\stroki2\stroki2\stroki2\stroki2.cpp(60,14): warning C4305: инициализация: усечение из "int" в "char"
C:\Users\dizel\OneDrive\Документы\Source\stroki2\stroki2\stroki2\stroki2.cpp(60,14): warning C4309: инициализация: усечение константного значения
C:\Users\dizel\OneDrive\Документы\Source\stroki2\stroki2\stroki2\stroki2.cpp(60,19): warning C4838: Преобразование из "int" в "char" требует сужающего преобразования.
C:\Users\dizel\OneDrive\Документы\Source\stroki2\stroki2\stroki2\stroki2.cpp(60,19): warning C4305: инициализация: усечение из "int" в "char"
C:\Users\dizel\OneDrive\Документы\Source\stroki2\stroki2\stroki2\stroki2.cpp(60,19): warning C4309: инициализация: усечение константного значения
C:\Users\dizel\OneDrive\Документы\Source\stroki2\stroki2\stroki2\stroki2.cpp(60,24): warning C4838: Преобразование из "int" в "char" требует сужающего преобразования.
C:\Users\dizel\OneDrive\Документы\Source\stroki2\stroki2\stroki2\stroki2.cpp(60,24): warning C4305: инициализация: усечение из "int" в "char"
C:\Users\dizel\OneDrive\Документы\Source\stroki2\stroki2\stroki2\stroki2.cpp(60,24): warning C4309: инициализация: усечение константного значения
C:\Users\dizel\OneDrive\Документы\Source\stroki2\stroki2\stroki2\stroki2.cpp(60,29): warning C4838: Преобразование из "int" в "char" требует сужающего преобразования.
C:\Users\dizel\OneDrive\Документы\Source\stroki2\stroki2\stroki2\stroki2.cpp(60,29): warning C4305: инициализация: усечение из "int" в "char"
C:\Users\dizel\OneDrive\Документы\Source\stroki2\stroki2\stroki2\stroki2.cpp(60,29): warning C4309: инициализация: усечение константного значения
C:\Users\dizel\OneDrive\Документы\Source\stroki2\stroki2\stroki2\stroki2.cpp(60,34): warning C4838: Преобразование из "int" в "char" требует сужающего преобразования.
C:\Users\dizel\OneDrive\Документы\Source\stroki2\stroki2\stroki2\stroki2.cpp(60,34): warning C4305: инициализация: усечение из "int" в "char"
C:\Users\dizel\OneDrive\Документы\Source\stroki2\stroki2\stroki2\stroki2.cpp(60,34): warning C4309: инициализация: усечение константного значения
C:\Users\dizel\OneDrive\Документы\Source\stroki2\stroki2\stroki2\stroki2.cpp(61,9): warning C4838: Преобразование из "int" в "char" требует сужающего преобразования.
C:\Users\dizel\OneDrive\Документы\Source\stroki2\stroki2\stroki2\stroki2.cpp(61,9): warning C4305: инициализация: усечение из "int" в "char"
C:\Users\dizel\OneDrive\Документы\Source\stroki2\stroki2\stroki2\stroki2.cpp(61,9): warning C4309: инициализация: усечение константного значения
C:\Users\dizel\OneDrive\Документы\Source\stroki2\stroki2\stroki2\stroki2.cpp(61,14): warning C4838: Преобразование из "int" в "char" требует сужающего преобразования.
C:\Users\dizel\OneDrive\Документы\Source\stroki2\stroki2\stroki2\stroki2.cpp(61,14): warning C4305: инициализация: усечение из "int" в "char"
C:\Users\dizel\OneDrive\Документы\Source\stroki2\stroki2\stroki2\stroki2.cpp(61,14): warning C4309: инициализация: усечение константного значения
C:\Users\dizel\OneDrive\Документы\Source\stroki2\stroki2\stroki2\stroki2.cpp(61,19): warning C4838: Преобразование из "int" в "char" требует сужающего преобразования.
C:\Users\dizel\OneDrive\Документы\Source\stroki2\stroki2\stroki2\stroki2.cpp(61,19): warning C4305: инициализация: усечение из "int" в "char"
C:\Users\dizel\OneDrive\Документы\Source\stroki2\stroki2\stroki2\stroki2.cpp(61,19): warning C4309: инициализация: усечение константного значения
C:\Users\dizel\OneDrive\Документы\Source\stroki2\stroki2\stroki2\stroki2.cpp(61,24): warning C4838: Преобразование из "int" в "char" требует сужающего преобразования.
C:\Users\dizel\OneDrive\Документы\Source\stroki2\stroki2\stroki2\stroki2.cpp(61,24): warning C4305: инициализация: усечение из "int" в "char"
C:\Users\dizel\OneDrive\Документы\Source\stroki2\stroki2\stroki2\stroki2.cpp(61,24): warning C4309: инициализация: усечение константного значения
C:\Users\dizel\OneDrive\Документы\Source\stroki2\stroki2\stroki2\stroki2.cpp(61,29): warning C4838: Преобразование из "int" в "char" требует сужающего преобразования.
C:\Users\dizel\OneDrive\Документы\Source\stroki2\stroki2\stroki2\stroki2.cpp(61,29): warning C4305: инициализация: усечение из "int" в "char"
C:\Users\dizel\OneDrive\Документы\Source\stroki2\stroki2\stroki2\stroki2.cpp(61,29): warning C4309: инициализация: усечение константного значения
C:\Users\dizel\OneDrive\Документы\Source\stroki2\stroki2\stroki2\stroki2.cpp(61,34): warning C4838: Преобразование из "int" в "char" требует сужающего преобразования.
C:\Users\dizel\OneDrive\Документы\Source\stroki2\stroki2\stroki2\stroki2.cpp(61,34): warning C4305: инициализация: усечение из "int" в "char"
C:\Users\dizel\OneDrive\Документы\Source\stroki2\stroki2\stroki2\stroki2.cpp(61,34): warning C4309: инициализация: усечение константного значения
C:\Users\dizel\OneDrive\Документы\Source\stroki2\stroki2\stroki2\stroki2.cpp(87,16): warning C4309: return: усечение константного значения
C:\Users\dizel\OneDrive\Документы\Source\stroki2\stroki2\stroki2\stroki2.cpp(104,16): warning C4309: return: усечение константного значения
C:\Users\dizel\OneDrive\Документы\Source\stroki2\stroki2\stroki2\stroki2.cpp(186,13): warning C4267: инициализация: преобразование из "size_t" в "int"; возможна потеря данных
C:\Users\dizel\OneDrive\Документы\Source\stroki2\stroki2\stroki2\stroki2.cpp(225,17): error C4996: 'strcpy': This function or variable may be unsafe. Consider using strcpy_s instead. To disable deprecation, use _CRT_SECURE_NO_WARNINGS. See online help for details.
C:\Users\dizel\OneDrive\Документы\Source\stroki2\stroki2\stroki2\stroki2.cpp(226,17): error C4996: 'strcpy': This function or variable may be unsafe. Consider using strcpy_s instead. To disable deprecation, use _CRT_SECURE_NO_WARNINGS. See online help for details.
C:\Users\dizel\OneDrive\Документы\Source\stroki2\stroki2\stroki2\stroki2.cpp(227,17): error C4996: 'strcpy': This function or variable may be unsafe. Consider using strcpy_s instead. To disable deprecation, use _CRT_SECURE_NO_WARNINGS. See online help for details.
C:\Users\dizel\OneDrive\Документы\Source\stroki2\stroki2\stroki2\stroki2.cpp(277,25): warning C4267: инициализация: преобразование из "size_t" в "int"; возможна потеря данных
C:\Users\dizel\OneDrive\Документы\Source\stroki2\stroki2\stroki2\stroki2.cpp(288,29): error C4996: 'strcpy': This function or variable may be unsafe. Consider using strcpy_s instead. To disable deprecation, use _CRT_SECURE_NO_WARNINGS. See online help for details.
C:\Users\dizel\OneDrive\Документы\Source\stroki2\stroki2\stroki2\stroki2.cpp(307,17): error C4996: 'strcpy': This function or variable may be unsafe. Consider using strcpy_s instead. To disable deprecation, use _CRT_SECURE_NO_WARNINGS. See online help for details.
C:\Users\dizel\OneDrive\Документы\Source\stroki2\stroki2\stroki2\stroki2.cpp(308,17): error C4996: 'strcpy': This function or variable may be unsafe. Consider using strcpy_s instead. To disable deprecation, use _CRT_SECURE_NO_WARNINGS. See online help for details.
C:\Users\dizel\OneDrive\Документы\Source\stroki2\stroki2\stroki2\stroki2.cpp(309,17): error C4996: 'strcpy': This function or variable may be unsafe. Consider using strcpy_s instead. To disable deprecation, use _CRT_SECURE_NO_WARNINGS. See online help for details.
